Archive member included because of file (symbol)

e:/iti/subjects/intro to es-assaf/tools/sdk/imt_sdk_win_64_avr/winavr/bin/../lib/gcc/avr/4.3.3/avr5\libgcc.a(_exit.o)
                              e:/iti/subjects/intro to es-assaf/tools/sdk/imt_sdk_win_64_avr/winavr/bin/../lib/gcc/avr/4.3.3/../../../../avr/lib/avr5/crtm32.o (exit)
e:/iti/subjects/intro to es-assaf/tools/sdk/imt_sdk_win_64_avr/winavr/bin/../lib/gcc/avr/4.3.3/avr5\libgcc.a(_addsub_sf.o)
                              ./main.o (__addsf3)
e:/iti/subjects/intro to es-assaf/tools/sdk/imt_sdk_win_64_avr/winavr/bin/../lib/gcc/avr/4.3.3/avr5\libgcc.a(_lt_sf.o)
                              ./main.o (__ltsf2)
e:/iti/subjects/intro to es-assaf/tools/sdk/imt_sdk_win_64_avr/winavr/bin/../lib/gcc/avr/4.3.3/avr5\libgcc.a(_thenan_sf.o)
                              e:/iti/subjects/intro to es-assaf/tools/sdk/imt_sdk_win_64_avr/winavr/bin/../lib/gcc/avr/4.3.3/avr5\libgcc.a(_addsub_sf.o) (__thenan_sf)
e:/iti/subjects/intro to es-assaf/tools/sdk/imt_sdk_win_64_avr/winavr/bin/../lib/gcc/avr/4.3.3/avr5\libgcc.a(_prologue.o)
                              e:/iti/subjects/intro to es-assaf/tools/sdk/imt_sdk_win_64_avr/winavr/bin/../lib/gcc/avr/4.3.3/avr5\libgcc.a(_addsub_sf.o) (__prologue_saves__)
e:/iti/subjects/intro to es-assaf/tools/sdk/imt_sdk_win_64_avr/winavr/bin/../lib/gcc/avr/4.3.3/avr5\libgcc.a(_epilogue.o)
                              e:/iti/subjects/intro to es-assaf/tools/sdk/imt_sdk_win_64_avr/winavr/bin/../lib/gcc/avr/4.3.3/avr5\libgcc.a(_addsub_sf.o) (__epilogue_restores__)
e:/iti/subjects/intro to es-assaf/tools/sdk/imt_sdk_win_64_avr/winavr/bin/../lib/gcc/avr/4.3.3/avr5\libgcc.a(_copy_data.o)
                              e:/iti/subjects/intro to es-assaf/tools/sdk/imt_sdk_win_64_avr/winavr/bin/../lib/gcc/avr/4.3.3/avr5\libgcc.a(_thenan_sf.o) (__do_copy_data)
e:/iti/subjects/intro to es-assaf/tools/sdk/imt_sdk_win_64_avr/winavr/bin/../lib/gcc/avr/4.3.3/avr5\libgcc.a(_pack_sf.o)
                              e:/iti/subjects/intro to es-assaf/tools/sdk/imt_sdk_win_64_avr/winavr/bin/../lib/gcc/avr/4.3.3/avr5\libgcc.a(_addsub_sf.o) (__pack_f)
e:/iti/subjects/intro to es-assaf/tools/sdk/imt_sdk_win_64_avr/winavr/bin/../lib/gcc/avr/4.3.3/avr5\libgcc.a(_unpack_sf.o)
                              e:/iti/subjects/intro to es-assaf/tools/sdk/imt_sdk_win_64_avr/winavr/bin/../lib/gcc/avr/4.3.3/avr5\libgcc.a(_addsub_sf.o) (__unpack_f)
e:/iti/subjects/intro to es-assaf/tools/sdk/imt_sdk_win_64_avr/winavr/bin/../lib/gcc/avr/4.3.3/avr5\libgcc.a(_fpcmp_parts_sf.o)
                              e:/iti/subjects/intro to es-assaf/tools/sdk/imt_sdk_win_64_avr/winavr/bin/../lib/gcc/avr/4.3.3/avr5\libgcc.a(_lt_sf.o) (__fpcmp_parts_f)

Memory Configuration

Name             Origin             Length             Attributes
text             0x00000000         0x00020000         xr
data             0x00800060         0x0000ffa0         rw !x
eeprom           0x00810000         0x00010000         rw !x
fuse             0x00820000         0x00000400         rw !x
lock             0x00830000         0x00000400         rw !x
signature        0x00840000         0x00000400         rw !x
*default*        0x00000000         0xffffffff

Linker script and memory map

LOAD e:/iti/subjects/intro to es-assaf/tools/sdk/imt_sdk_win_64_avr/winavr/bin/../lib/gcc/avr/4.3.3/../../../../avr/lib/avr5/crtm32.o
LOAD ./DIO_program.o
LOAD ./main.o
LOAD e:/iti/subjects/intro to es-assaf/tools/sdk/imt_sdk_win_64_avr/winavr/bin/../lib/gcc/avr/4.3.3/avr5\libgcc.a
LOAD e:/iti/subjects/intro to es-assaf/tools/sdk/imt_sdk_win_64_avr/winavr/bin/../lib/gcc/avr/4.3.3/../../../../avr/lib/avr5\libc.a
LOAD e:/iti/subjects/intro to es-assaf/tools/sdk/imt_sdk_win_64_avr/winavr/bin/../lib/gcc/avr/4.3.3/avr5\libgcc.a

.hash
 *(.hash)

.dynsym
 *(.dynsym)

.dynstr
 *(.dynstr)

.gnu.version
 *(.gnu.version)

.gnu.version_d
 *(.gnu.version_d)

.gnu.version_r
 *(.gnu.version_r)

.rel.init
 *(.rel.init)

.rela.init
 *(.rela.init)

.rel.text
 *(.rel.text)
 *(.rel.text.*)
 *(.rel.gnu.linkonce.t*)

.rela.text
 *(.rela.text)
 *(.rela.text.*)
 *(.rela.gnu.linkonce.t*)

.rel.fini
 *(.rel.fini)

.rela.fini
 *(.rela.fini)

.rel.rodata
 *(.rel.rodata)
 *(.rel.rodata.*)
 *(.rel.gnu.linkonce.r*)

.rela.rodata
 *(.rela.rodata)
 *(.rela.rodata.*)
 *(.rela.gnu.linkonce.r*)

.rel.data
 *(.rel.data)
 *(.rel.data.*)
 *(.rel.gnu.linkonce.d*)

.rela.data
 *(.rela.data)
 *(.rela.data.*)
 *(.rela.gnu.linkonce.d*)

.rel.ctors
 *(.rel.ctors)

.rela.ctors
 *(.rela.ctors)

.rel.dtors
 *(.rel.dtors)

.rela.dtors
 *(.rela.dtors)

.rel.got
 *(.rel.got)

.rela.got
 *(.rela.got)

.rel.bss
 *(.rel.bss)

.rela.bss
 *(.rela.bss)

.rel.plt
 *(.rel.plt)

.rela.plt
 *(.rela.plt)

.text           0x00000000     0x10ba
 *(.vectors)
 .vectors       0x00000000       0x54 e:/iti/subjects/intro to es-assaf/tools/sdk/imt_sdk_win_64_avr/winavr/bin/../lib/gcc/avr/4.3.3/../../../../avr/lib/avr5/crtm32.o
                0x00000000                __vectors
                0x00000000                __vector_default
 *(.vectors)
 *(.progmem.gcc*)
 *(.progmem*)
                0x00000054                . = ALIGN (0x2)
                0x00000054                __trampolines_start = .
 *(.trampolines)
 .trampolines   0x00000054        0x0 linker stubs
 *(.trampolines*)
                0x00000054                __trampolines_end = .
 *(.jumptables)
 *(.jumptables*)
 *(.lowtext)
 *(.lowtext*)
                0x00000054                __ctors_start = .
 *(.ctors)
                0x00000054                __ctors_end = .
                0x00000054                __dtors_start = .
 *(.dtors)
                0x00000054                __dtors_end = .
 SORT(*)(.ctors)
 SORT(*)(.dtors)
 *(.init0)
 .init0         0x00000054        0x0 e:/iti/subjects/intro to es-assaf/tools/sdk/imt_sdk_win_64_avr/winavr/bin/../lib/gcc/avr/4.3.3/../../../../avr/lib/avr5/crtm32.o
                0x00000054                __init
 *(.init0)
 *(.init1)
 *(.init1)
 *(.init2)
 .init2         0x00000054        0xc e:/iti/subjects/intro to es-assaf/tools/sdk/imt_sdk_win_64_avr/winavr/bin/../lib/gcc/avr/4.3.3/../../../../avr/lib/avr5/crtm32.o
 *(.init2)
 *(.init3)
 *(.init3)
 *(.init4)
 .init4         0x00000060       0x16 e:/iti/subjects/intro to es-assaf/tools/sdk/imt_sdk_win_64_avr/winavr/bin/../lib/gcc/avr/4.3.3/avr5\libgcc.a(_copy_data.o)
                0x00000060                __do_copy_data
 *(.init4)
 *(.init5)
 *(.init5)
 *(.init6)
 *(.init6)
 *(.init7)
 *(.init7)
 *(.init8)
 *(.init8)
 *(.init9)
 .init9         0x00000076        0x8 e:/iti/subjects/intro to es-assaf/tools/sdk/imt_sdk_win_64_avr/winavr/bin/../lib/gcc/avr/4.3.3/../../../../avr/lib/avr5/crtm32.o
 *(.init9)
 *(.text)
 .text          0x0000007e        0x4 e:/iti/subjects/intro to es-assaf/tools/sdk/imt_sdk_win_64_avr/winavr/bin/../lib/gcc/avr/4.3.3/../../../../avr/lib/avr5/crtm32.o
                0x0000007e                __vector_1
                0x0000007e                __vector_12
                0x0000007e                __bad_interrupt
                0x0000007e                __vector_6
                0x0000007e                __vector_3
                0x0000007e                __vector_11
                0x0000007e                __vector_13
                0x0000007e                __vector_17
                0x0000007e                __vector_19
                0x0000007e                __vector_7
                0x0000007e                __vector_5
                0x0000007e                __vector_4
                0x0000007e                __vector_9
                0x0000007e                __vector_2
                0x0000007e                __vector_15
                0x0000007e                __vector_8
                0x0000007e                __vector_14
                0x0000007e                __vector_10
                0x0000007e                __vector_16
                0x0000007e                __vector_18
                0x0000007e                __vector_20
 .text          0x00000082        0x0 ./DIO_program.o
 .text          0x00000082        0x0 ./main.o
 .text          0x00000082        0x0 e:/iti/subjects/intro to es-assaf/tools/sdk/imt_sdk_win_64_avr/winavr/bin/../lib/gcc/avr/4.3.3/avr5\libgcc.a(_exit.o)
 .text          0x00000082      0x354 e:/iti/subjects/intro to es-assaf/tools/sdk/imt_sdk_win_64_avr/winavr/bin/../lib/gcc/avr/4.3.3/avr5\libgcc.a(_addsub_sf.o)
                0x0000031a                __subsf3
                0x0000037c                __addsf3
 .text          0x000003d6       0x60 e:/iti/subjects/intro to es-assaf/tools/sdk/imt_sdk_win_64_avr/winavr/bin/../lib/gcc/avr/4.3.3/avr5\libgcc.a(_lt_sf.o)
                0x000003d6                __ltsf2
 .text          0x00000436        0x0 e:/iti/subjects/intro to es-assaf/tools/sdk/imt_sdk_win_64_avr/winavr/bin/../lib/gcc/avr/4.3.3/avr5\libgcc.a(_thenan_sf.o)
 .text          0x00000436        0x0 e:/iti/subjects/intro to es-assaf/tools/sdk/imt_sdk_win_64_avr/winavr/bin/../lib/gcc/avr/4.3.3/avr5\libgcc.a(_prologue.o)
 .text          0x00000436        0x0 e:/iti/subjects/intro to es-assaf/tools/sdk/imt_sdk_win_64_avr/winavr/bin/../lib/gcc/avr/4.3.3/avr5\libgcc.a(_epilogue.o)
 .text          0x00000436        0x0 e:/iti/subjects/intro to es-assaf/tools/sdk/imt_sdk_win_64_avr/winavr/bin/../lib/gcc/avr/4.3.3/avr5\libgcc.a(_copy_data.o)
 .text          0x00000436      0x1aa e:/iti/subjects/intro to es-assaf/tools/sdk/imt_sdk_win_64_avr/winavr/bin/../lib/gcc/avr/4.3.3/avr5\libgcc.a(_pack_sf.o)
                0x00000436                __pack_f
 .text          0x000005e0       0xf0 e:/iti/subjects/intro to es-assaf/tools/sdk/imt_sdk_win_64_avr/winavr/bin/../lib/gcc/avr/4.3.3/avr5\libgcc.a(_unpack_sf.o)
                0x000005e0                __unpack_f
 .text          0x000006d0       0xb2 e:/iti/subjects/intro to es-assaf/tools/sdk/imt_sdk_win_64_avr/winavr/bin/../lib/gcc/avr/4.3.3/avr5\libgcc.a(_fpcmp_parts_sf.o)
                0x000006d0                __fpcmp_parts_f
                0x00000782                . = ALIGN (0x2)
 *(.text.*)
 .text.SetPinDirection
                0x00000782      0x1c8 ./DIO_program.o
                0x00000782                SetPinDirection
 .text.SetPinValue
                0x0000094a      0x1c8 ./DIO_program.o
                0x0000094a                SetPinValue
 .text.main     0x00000b12      0x536 ./main.o
                0x00000b12                main
 .text.libgcc   0x00001048        0x0 e:/iti/subjects/intro to es-assaf/tools/sdk/imt_sdk_win_64_avr/winavr/bin/../lib/gcc/avr/4.3.3/avr5\libgcc.a(_exit.o)
 .text.libgcc   0x00001048       0x38 e:/iti/subjects/intro to es-assaf/tools/sdk/imt_sdk_win_64_avr/winavr/bin/../lib/gcc/avr/4.3.3/avr5\libgcc.a(_prologue.o)
                0x00001048                __prologue_saves__
 .text.libgcc   0x00001080       0x36 e:/iti/subjects/intro to es-assaf/tools/sdk/imt_sdk_win_64_avr/winavr/bin/../lib/gcc/avr/4.3.3/avr5\libgcc.a(_epilogue.o)
                0x00001080                __epilogue_restores__
 .text.libgcc   0x000010b6        0x0 e:/iti/subjects/intro to es-assaf/tools/sdk/imt_sdk_win_64_avr/winavr/bin/../lib/gcc/avr/4.3.3/avr5\libgcc.a(_copy_data.o)
                0x000010b6                . = ALIGN (0x2)
 *(.fini9)
 .fini9         0x000010b6        0x0 e:/iti/subjects/intro to es-assaf/tools/sdk/imt_sdk_win_64_avr/winavr/bin/../lib/gcc/avr/4.3.3/avr5\libgcc.a(_exit.o)
                0x000010b6                exit
                0x000010b6                _exit
 *(.fini9)
 *(.fini8)
 *(.fini8)
 *(.fini7)
 *(.fini7)
 *(.fini6)
 *(.fini6)
 *(.fini5)
 *(.fini5)
 *(.fini4)
 *(.fini4)
 *(.fini3)
 *(.fini3)
 *(.fini2)
 *(.fini2)
 *(.fini1)
 *(.fini1)
 *(.fini0)
 .fini0         0x000010b6        0x4 e:/iti/subjects/intro to es-assaf/tools/sdk/imt_sdk_win_64_avr/winavr/bin/../lib/gcc/avr/4.3.3/avr5\libgcc.a(_exit.o)
 *(.fini0)
                0x000010ba                _etext = .

.data           0x00800060        0x8 load address 0x000010ba
                0x00800060                PROVIDE (__data_start, .)
 *(.data)
 .data          0x00800060        0x0 e:/iti/subjects/intro to es-assaf/tools/sdk/imt_sdk_win_64_avr/winavr/bin/../lib/gcc/avr/4.3.3/../../../../avr/lib/avr5/crtm32.o
 .data          0x00800060        0x0 ./DIO_program.o
 .data          0x00800060        0x0 ./main.o
 .data          0x00800060        0x0 e:/iti/subjects/intro to es-assaf/tools/sdk/imt_sdk_win_64_avr/winavr/bin/../lib/gcc/avr/4.3.3/avr5\libgcc.a(_exit.o)
 .data          0x00800060        0x0 e:/iti/subjects/intro to es-assaf/tools/sdk/imt_sdk_win_64_avr/winavr/bin/../lib/gcc/avr/4.3.3/avr5\libgcc.a(_addsub_sf.o)
 .data          0x00800060        0x0 e:/iti/subjects/intro to es-assaf/tools/sdk/imt_sdk_win_64_avr/winavr/bin/../lib/gcc/avr/4.3.3/avr5\libgcc.a(_lt_sf.o)
 .data          0x00800060        0x8 e:/iti/subjects/intro to es-assaf/tools/sdk/imt_sdk_win_64_avr/winavr/bin/../lib/gcc/avr/4.3.3/avr5\libgcc.a(_thenan_sf.o)
                0x00800060                __thenan_sf
 .data          0x00800068        0x0 e:/iti/subjects/intro to es-assaf/tools/sdk/imt_sdk_win_64_avr/winavr/bin/../lib/gcc/avr/4.3.3/avr5\libgcc.a(_prologue.o)
 .data          0x00800068        0x0 e:/iti/subjects/intro to es-assaf/tools/sdk/imt_sdk_win_64_avr/winavr/bin/../lib/gcc/avr/4.3.3/avr5\libgcc.a(_epilogue.o)
 .data          0x00800068        0x0 e:/iti/subjects/intro to es-assaf/tools/sdk/imt_sdk_win_64_avr/winavr/bin/../lib/gcc/avr/4.3.3/avr5\libgcc.a(_copy_data.o)
 .data          0x00800068        0x0 e:/iti/subjects/intro to es-assaf/tools/sdk/imt_sdk_win_64_avr/winavr/bin/../lib/gcc/avr/4.3.3/avr5\libgcc.a(_pack_sf.o)
 .data          0x00800068        0x0 e:/iti/subjects/intro to es-assaf/tools/sdk/imt_sdk_win_64_avr/winavr/bin/../lib/gcc/avr/4.3.3/avr5\libgcc.a(_unpack_sf.o)
 .data          0x00800068        0x0 e:/iti/subjects/intro to es-assaf/tools/sdk/imt_sdk_win_64_avr/winavr/bin/../lib/gcc/avr/4.3.3/avr5\libgcc.a(_fpcmp_parts_sf.o)
 *(.data*)
 *(.rodata)
 *(.rodata*)
 *(.gnu.linkonce.d*)
                0x00800068                . = ALIGN (0x2)
                0x00800068                _edata = .
                0x00800068                PROVIDE (__data_end, .)

.bss            0x00800068        0x0
                0x00800068                PROVIDE (__bss_start, .)
 *(.bss)
 .bss           0x00800068        0x0 e:/iti/subjects/intro to es-assaf/tools/sdk/imt_sdk_win_64_avr/winavr/bin/../lib/gcc/avr/4.3.3/../../../../avr/lib/avr5/crtm32.o
 .bss           0x00800068        0x0 ./DIO_program.o
 .bss           0x00800068        0x0 ./main.o
 .bss           0x00800068        0x0 e:/iti/subjects/intro to es-assaf/tools/sdk/imt_sdk_win_64_avr/winavr/bin/../lib/gcc/avr/4.3.3/avr5\libgcc.a(_exit.o)
 .bss           0x00800068        0x0 e:/iti/subjects/intro to es-assaf/tools/sdk/imt_sdk_win_64_avr/winavr/bin/../lib/gcc/avr/4.3.3/avr5\libgcc.a(_addsub_sf.o)
 .bss           0x00800068        0x0 e:/iti/subjects/intro to es-assaf/tools/sdk/imt_sdk_win_64_avr/winavr/bin/../lib/gcc/avr/4.3.3/avr5\libgcc.a(_lt_sf.o)
 .bss           0x00800068        0x0 e:/iti/subjects/intro to es-assaf/tools/sdk/imt_sdk_win_64_avr/winavr/bin/../lib/gcc/avr/4.3.3/avr5\libgcc.a(_thenan_sf.o)
 .bss           0x00800068        0x0 e:/iti/subjects/intro to es-assaf/tools/sdk/imt_sdk_win_64_avr/winavr/bin/../lib/gcc/avr/4.3.3/avr5\libgcc.a(_prologue.o)
 .bss           0x00800068        0x0 e:/iti/subjects/intro to es-assaf/tools/sdk/imt_sdk_win_64_avr/winavr/bin/../lib/gcc/avr/4.3.3/avr5\libgcc.a(_epilogue.o)
 .bss           0x00800068        0x0 e:/iti/subjects/intro to es-assaf/tools/sdk/imt_sdk_win_64_avr/winavr/bin/../lib/gcc/avr/4.3.3/avr5\libgcc.a(_copy_data.o)
 .bss           0x00800068        0x0 e:/iti/subjects/intro to es-assaf/tools/sdk/imt_sdk_win_64_avr/winavr/bin/../lib/gcc/avr/4.3.3/avr5\libgcc.a(_pack_sf.o)
 .bss           0x00800068        0x0 e:/iti/subjects/intro to es-assaf/tools/sdk/imt_sdk_win_64_avr/winavr/bin/../lib/gcc/avr/4.3.3/avr5\libgcc.a(_unpack_sf.o)
 .bss           0x00800068        0x0 e:/iti/subjects/intro to es-assaf/tools/sdk/imt_sdk_win_64_avr/winavr/bin/../lib/gcc/avr/4.3.3/avr5\libgcc.a(_fpcmp_parts_sf.o)
 *(.bss*)
 *(COMMON)
                0x00800068                PROVIDE (__bss_end, .)
                0x000010ba                __data_load_start = LOADADDR (.data)
                0x000010c2                __data_load_end = (__data_load_start + SIZEOF (.data))

.noinit         0x00800068        0x0
                0x00800068                PROVIDE (__noinit_start, .)
 *(.noinit*)
                0x00800068                PROVIDE (__noinit_end, .)
                0x00800068                _end = .
                0x00800068                PROVIDE (__heap_start, .)

.eeprom         0x00810000        0x0
 *(.eeprom*)
                0x00810000                __eeprom_end = .

.fuse
 *(.fuse)
 *(.lfuse)
 *(.hfuse)
 *(.efuse)

.lock
 *(.lock*)

.signature
 *(.signature*)

.stab           0x00000000      0x738
 *(.stab)
 .stab          0x00000000      0x2ac ./DIO_program.o
 .stab          0x000002ac      0x48c ./main.o
                                0x498 (size before relaxing)

.stabstr        0x00000000      0x2b1
 *(.stabstr)
 .stabstr       0x00000000      0x2b1 ./DIO_program.o

.stab.excl
 *(.stab.excl)

.stab.exclstr
 *(.stab.exclstr)

.stab.index
 *(.stab.index)

.stab.indexstr
 *(.stab.indexstr)

.comment
 *(.comment)

.debug
 *(.debug)

.line
 *(.line)

.debug_srcinfo
 *(.debug_srcinfo)

.debug_sfnames
 *(.debug_sfnames)

.debug_aranges  0x00000000       0xa0
 *(.debug_aranges)
 .debug_aranges
                0x00000000       0x20 e:/iti/subjects/intro to es-assaf/tools/sdk/imt_sdk_win_64_avr/winavr/bin/../lib/gcc/avr/4.3.3/avr5\libgcc.a(_addsub_sf.o)
 .debug_aranges
                0x00000020       0x20 e:/iti/subjects/intro to es-assaf/tools/sdk/imt_sdk_win_64_avr/winavr/bin/../lib/gcc/avr/4.3.3/avr5\libgcc.a(_lt_sf.o)
 .debug_aranges
                0x00000040       0x20 e:/iti/subjects/intro to es-assaf/tools/sdk/imt_sdk_win_64_avr/winavr/bin/../lib/gcc/avr/4.3.3/avr5\libgcc.a(_pack_sf.o)
 .debug_aranges
                0x00000060       0x20 e:/iti/subjects/intro to es-assaf/tools/sdk/imt_sdk_win_64_avr/winavr/bin/../lib/gcc/avr/4.3.3/avr5\libgcc.a(_unpack_sf.o)
 .debug_aranges
                0x00000080       0x20 e:/iti/subjects/intro to es-assaf/tools/sdk/imt_sdk_win_64_avr/winavr/bin/../lib/gcc/avr/4.3.3/avr5\libgcc.a(_fpcmp_parts_sf.o)

.debug_pubnames
                0x00000000       0xd2
 *(.debug_pubnames)
 .debug_pubnames
                0x00000000       0x2c e:/iti/subjects/intro to es-assaf/tools/sdk/imt_sdk_win_64_avr/winavr/bin/../lib/gcc/avr/4.3.3/avr5\libgcc.a(_addsub_sf.o)
 .debug_pubnames
                0x0000002c       0x1e e:/iti/subjects/intro to es-assaf/tools/sdk/imt_sdk_win_64_avr/winavr/bin/../lib/gcc/avr/4.3.3/avr5\libgcc.a(_lt_sf.o)
 .debug_pubnames
                0x0000004a       0x22 e:/iti/subjects/intro to es-assaf/tools/sdk/imt_sdk_win_64_avr/winavr/bin/../lib/gcc/avr/4.3.3/avr5\libgcc.a(_thenan_sf.o)
 .debug_pubnames
                0x0000006c       0x1f e:/iti/subjects/intro to es-assaf/tools/sdk/imt_sdk_win_64_avr/winavr/bin/../lib/gcc/avr/4.3.3/avr5\libgcc.a(_pack_sf.o)
 .debug_pubnames
                0x0000008b       0x21 e:/iti/subjects/intro to es-assaf/tools/sdk/imt_sdk_win_64_avr/winavr/bin/../lib/gcc/avr/4.3.3/avr5\libgcc.a(_unpack_sf.o)
 .debug_pubnames
                0x000000ac       0x26 e:/iti/subjects/intro to es-assaf/tools/sdk/imt_sdk_win_64_avr/winavr/bin/../lib/gcc/avr/4.3.3/avr5\libgcc.a(_fpcmp_parts_sf.o)

.debug_info     0x00000000      0xf65
 *(.debug_info)
 .debug_info    0x00000000      0x47a e:/iti/subjects/intro to es-assaf/tools/sdk/imt_sdk_win_64_avr/winavr/bin/../lib/gcc/avr/4.3.3/avr5\libgcc.a(_addsub_sf.o)
 .debug_info    0x0000047a      0x27f e:/iti/subjects/intro to es-assaf/tools/sdk/imt_sdk_win_64_avr/winavr/bin/../lib/gcc/avr/4.3.3/avr5\libgcc.a(_lt_sf.o)
 .debug_info    0x000006f9      0x12c e:/iti/subjects/intro to es-assaf/tools/sdk/imt_sdk_win_64_avr/winavr/bin/../lib/gcc/avr/4.3.3/avr5\libgcc.a(_thenan_sf.o)
 .debug_info    0x00000825      0x2df e:/iti/subjects/intro to es-assaf/tools/sdk/imt_sdk_win_64_avr/winavr/bin/../lib/gcc/avr/4.3.3/avr5\libgcc.a(_pack_sf.o)
 .debug_info    0x00000b04      0x251 e:/iti/subjects/intro to es-assaf/tools/sdk/imt_sdk_win_64_avr/winavr/bin/../lib/gcc/avr/4.3.3/avr5\libgcc.a(_unpack_sf.o)
 .debug_info    0x00000d55      0x210 e:/iti/subjects/intro to es-assaf/tools/sdk/imt_sdk_win_64_avr/winavr/bin/../lib/gcc/avr/4.3.3/avr5\libgcc.a(_fpcmp_parts_sf.o)
 *(.gnu.linkonce.wi.*)

.debug_abbrev   0x00000000      0x840
 *(.debug_abbrev)
 .debug_abbrev  0x00000000      0x1ea e:/iti/subjects/intro to es-assaf/tools/sdk/imt_sdk_win_64_avr/winavr/bin/../lib/gcc/avr/4.3.3/avr5\libgcc.a(_addsub_sf.o)
 .debug_abbrev  0x000001ea      0x15a e:/iti/subjects/intro to es-assaf/tools/sdk/imt_sdk_win_64_avr/winavr/bin/../lib/gcc/avr/4.3.3/avr5\libgcc.a(_lt_sf.o)
 .debug_abbrev  0x00000344       0xad e:/iti/subjects/intro to es-assaf/tools/sdk/imt_sdk_win_64_avr/winavr/bin/../lib/gcc/avr/4.3.3/avr5\libgcc.a(_thenan_sf.o)
 .debug_abbrev  0x000003f1      0x1c0 e:/iti/subjects/intro to es-assaf/tools/sdk/imt_sdk_win_64_avr/winavr/bin/../lib/gcc/avr/4.3.3/avr5\libgcc.a(_pack_sf.o)
 .debug_abbrev  0x000005b1      0x154 e:/iti/subjects/intro to es-assaf/tools/sdk/imt_sdk_win_64_avr/winavr/bin/../lib/gcc/avr/4.3.3/avr5\libgcc.a(_unpack_sf.o)
 .debug_abbrev  0x00000705      0x13b e:/iti/subjects/intro to es-assaf/tools/sdk/imt_sdk_win_64_avr/winavr/bin/../lib/gcc/avr/4.3.3/avr5\libgcc.a(_fpcmp_parts_sf.o)

.debug_line     0x00000000      0x81e
 *(.debug_line)
 .debug_line    0x00000000      0x2af e:/iti/subjects/intro to es-assaf/tools/sdk/imt_sdk_win_64_avr/winavr/bin/../lib/gcc/avr/4.3.3/avr5\libgcc.a(_addsub_sf.o)
 .debug_line    0x000002af       0xd3 e:/iti/subjects/intro to es-assaf/tools/sdk/imt_sdk_win_64_avr/winavr/bin/../lib/gcc/avr/4.3.3/avr5\libgcc.a(_lt_sf.o)
 .debug_line    0x00000382       0x90 e:/iti/subjects/intro to es-assaf/tools/sdk/imt_sdk_win_64_avr/winavr/bin/../lib/gcc/avr/4.3.3/avr5\libgcc.a(_thenan_sf.o)
 .debug_line    0x00000412      0x18a e:/iti/subjects/intro to es-assaf/tools/sdk/imt_sdk_win_64_avr/winavr/bin/../lib/gcc/avr/4.3.3/avr5\libgcc.a(_pack_sf.o)
 .debug_line    0x0000059c      0x14b e:/iti/subjects/intro to es-assaf/tools/sdk/imt_sdk_win_64_avr/winavr/bin/../lib/gcc/avr/4.3.3/avr5\libgcc.a(_unpack_sf.o)
 .debug_line    0x000006e7      0x137 e:/iti/subjects/intro to es-assaf/tools/sdk/imt_sdk_win_64_avr/winavr/bin/../lib/gcc/avr/4.3.3/avr5\libgcc.a(_fpcmp_parts_sf.o)

.debug_frame    0x00000000       0xc0
 *(.debug_frame)
 .debug_frame   0x00000000       0x40 e:/iti/subjects/intro to es-assaf/tools/sdk/imt_sdk_win_64_avr/winavr/bin/../lib/gcc/avr/4.3.3/avr5\libgcc.a(_addsub_sf.o)
 .debug_frame   0x00000040       0x20 e:/iti/subjects/intro to es-assaf/tools/sdk/imt_sdk_win_64_avr/winavr/bin/../lib/gcc/avr/4.3.3/avr5\libgcc.a(_lt_sf.o)
 .debug_frame   0x00000060       0x20 e:/iti/subjects/intro to es-assaf/tools/sdk/imt_sdk_win_64_avr/winavr/bin/../lib/gcc/avr/4.3.3/avr5\libgcc.a(_pack_sf.o)
 .debug_frame   0x00000080       0x20 e:/iti/subjects/intro to es-assaf/tools/sdk/imt_sdk_win_64_avr/winavr/bin/../lib/gcc/avr/4.3.3/avr5\libgcc.a(_unpack_sf.o)
 .debug_frame   0x000000a0       0x20 e:/iti/subjects/intro to es-assaf/tools/sdk/imt_sdk_win_64_avr/winavr/bin/../lib/gcc/avr/4.3.3/avr5\libgcc.a(_fpcmp_parts_sf.o)

.debug_str      0x00000000      0x1ff
 *(.debug_str)
 .debug_str     0x00000000      0x1bf e:/iti/subjects/intro to es-assaf/tools/sdk/imt_sdk_win_64_avr/winavr/bin/../lib/gcc/avr/4.3.3/avr5\libgcc.a(_addsub_sf.o)
                                0x206 (size before relaxing)
 .debug_str     0x000001bf        0xf e:/iti/subjects/intro to es-assaf/tools/sdk/imt_sdk_win_64_avr/winavr/bin/../lib/gcc/avr/4.3.3/avr5\libgcc.a(_lt_sf.o)
                                0x195 (size before relaxing)
 .debug_str     0x00000000      0x103 e:/iti/subjects/intro to es-assaf/tools/sdk/imt_sdk_win_64_avr/winavr/bin/../lib/gcc/avr/4.3.3/avr5\libgcc.a(_thenan_sf.o)
 .debug_str     0x000001ce       0x16 e:/iti/subjects/intro to es-assaf/tools/sdk/imt_sdk_win_64_avr/winavr/bin/../lib/gcc/avr/4.3.3/avr5\libgcc.a(_pack_sf.o)
                                0x19d (size before relaxing)
 .debug_str     0x000001e4        0xb e:/iti/subjects/intro to es-assaf/tools/sdk/imt_sdk_win_64_avr/winavr/bin/../lib/gcc/avr/4.3.3/avr5\libgcc.a(_unpack_sf.o)
                                0x17f (size before relaxing)
 .debug_str     0x000001ef       0x10 e:/iti/subjects/intro to es-assaf/tools/sdk/imt_sdk_win_64_avr/winavr/bin/../lib/gcc/avr/4.3.3/avr5\libgcc.a(_fpcmp_parts_sf.o)
                                0x163 (size before relaxing)

.debug_loc      0x00000000      0x5a0
 *(.debug_loc)
 .debug_loc     0x00000000      0x32a e:/iti/subjects/intro to es-assaf/tools/sdk/imt_sdk_win_64_avr/winavr/bin/../lib/gcc/avr/4.3.3/avr5\libgcc.a(_addsub_sf.o)
 .debug_loc     0x0000032a       0x3c e:/iti/subjects/intro to es-assaf/tools/sdk/imt_sdk_win_64_avr/winavr/bin/../lib/gcc/avr/4.3.3/avr5\libgcc.a(_lt_sf.o)
 .debug_loc     0x00000366      0x13e e:/iti/subjects/intro to es-assaf/tools/sdk/imt_sdk_win_64_avr/winavr/bin/../lib/gcc/avr/4.3.3/avr5\libgcc.a(_pack_sf.o)
 .debug_loc     0x000004a4       0xac e:/iti/subjects/intro to es-assaf/tools/sdk/imt_sdk_win_64_avr/winavr/bin/../lib/gcc/avr/4.3.3/avr5\libgcc.a(_unpack_sf.o)
 .debug_loc     0x00000550       0x50 e:/iti/subjects/intro to es-assaf/tools/sdk/imt_sdk_win_64_avr/winavr/bin/../lib/gcc/avr/4.3.3/avr5\libgcc.a(_fpcmp_parts_sf.o)

.debug_macinfo
 *(.debug_macinfo)
OUTPUT(6-12-2019_8Leds5Pins.elf elf32-avr)
LOAD linker stubs
